// Jest Snapshot v1, https://goo.gl/fbAQLP

exports[`MagicSelect component Matches snapshot 1`] = `
<div
  className="magic-select"
>
  <div
    role="group"
  >
    <button
      aria-label="Select from field values"
      className="selected"
      onClick={[Function]}
    >
      %
    </button>
    <button
      aria-label="Select from system values"
      className="not-selected"
      onClick={[Function]}
    >
      {}
    </button>
  </div>
  <div
    style={
      Object {
        "display": "inline-block",
      }
    }
  >
    <input
      aria-autocomplete="list"
      aria-expanded={false}
      autoComplete="off"
      className="magic-1-magic-input"
      id="magic-1"
      onBlur={[Function]}
      onChange={[Function]}
      onClick={[Function]}
      onFocus={[Function]}
      onKeyDown={[Function]}
      role="combobox"
      value=""
    />
  </div>
</div>
`;
