// Jest Snapshot v1, https://goo.gl/fbAQLP

exports[`MagicFieldGroup component matches snapshot 1`] = `
<div
  className="caldera-magic-select-group caldera-config-field"
>
  <div
    style={
      Object {
        "display": "inline-block",
      }
    }
  >
    <input
      aria-autocomplete="list"
      aria-expanded={false}
      autoComplete="off"
      className="caldera-magic-input caldera-magic-input-magic-3 magic"
      id="magic-3"
      onBlur={[Function]}
      onChange={[Function]}
      onClick={[Function]}
      onFocus={[Function]}
      onKeyDown={[Function]}
      role="combobox"
      value=""
    />
  </div>
</div>
`;
