// Jest Snapshot v1, https://goo.gl/fbAQLP

exports[`MagicSelect component Matches snapshot 1`] = `
<div
  className=""
>
  <div
    style={
      Object {
        "display": "inline-block",
      }
    }
  >
    <input
      aria-autocomplete="list"
      aria-expanded={false}
      autoComplete="off"
      onBlur={[Function]}
      onChange={[Function]}
      onClick={[Function]}
      onFocus={[Function]}
      onKeyDown={[Function]}
      role="combobox"
      value=""
    />
  </div>
</div>
`;
