// Jest Snapshot v1, https://goo.gl/fbAQLP

exports[`Input component Passes its props 1`] = `
<input
  aria-describedby=""
  className="foo field-config"
  disabled={undefined}
  id="bags"
  onBlur={undefined}
  onChange={[Function]}
  onFocus={undefined}
  required={false}
  type="password"
  value={undefined}
/>
`;
