// Jest Snapshot v1, https://goo.gl/fbAQLP

exports[`Factories Field set factory Renders with elements 1`] = `
<div>
  <div
    className="f-0"
  >
    <div
      className="caldera-config-field"
    >
      <label
        htmlFor="cf-convertkit-apikey"
      >
        API Key
      </label>
      <input
        aria-describedby={null}
        className="field-config field-config"
        disabled={false}
        id="cf-convertkit-apikey"
        onChange={[Function]}
        required={false}
        type="text"
        value={undefined}
      />
    </div>
  </div>
  <div
    className="f-1"
  >
    <div
      className="caldera-config-field"
    >
      <label
        htmlFor="pid-1"
      >
        Sequence
      </label>
      <select
        className="field-config field-config"
        disabled={false}
        id="pid-1"
        onChange={[Function]}
        value={undefined}
      >
        <option
          className="caldera-config-option"
          value={undefined}
        />
      </select>
    </div>
  </div>
  <div
    className="f-2"
  >
    <div
      className="caldera-config-field"
    >
      <label
        htmlFor="cf-convertkit-sequence-id"
      >
        Sequence ID
      </label>
      <input
        aria-describedby={null}
        className="field-config field-config"
        disabled={false}
        id="cf-convertkit-sequence-id"
        onChange={[Function]}
        required={false}
        type="text"
        value={undefined}
      />
    </div>
  </div>
  <div
    className="f-3"
  >
    <div
      className="caldera-config-field"
    >
      <label
        htmlFor="cf-convertkit-sequence-id"
      >
        Sequence ID
      </label>
      <input
        aria-describedby={null}
        className="field-config field-config"
        disabled={false}
        id="cf-convertkit-sequence-id"
        onChange={[Function]}
        required={false}
        type="text"
        value={undefined}
      />
    </div>
  </div>
  <div
    className="f-4"
  >
    <div
      className="caldera-config-field"
    >
      <label
        htmlFor="cf-convertkit-email"
      >
        Email Address
      </label>
      <input
        aria-describedby={null}
        className="field-config field-config"
        disabled={false}
        id="cf-convertkit-email"
        onChange={[Function]}
        required={false}
        type="text"
        value={undefined}
      />
      <p
        className="description"
        id="null"
      />
    </div>
  </div>
  <div
    className="f-5"
  >
    <div
      className="caldera-config-field"
    >
      <label
        htmlFor="cf-convertkit-name"
      >
        Name
      </label>
      <input
        aria-describedby={null}
        className="field-config field-config"
        disabled={false}
        id="cf-convertkit-name"
        onChange={[Function]}
        required={false}
        type="text"
        value={undefined}
      />
      <p
        className="description"
        id="null"
      />
    </div>
  </div>
  <div
    className="f-6"
  >
    <div
      className="caldera-config-field"
    >
      <label
        htmlFor="cf-convertkit-tags"
      >
        Tags
      </label>
      <input
        aria-describedby={null}
        className="field-config field-config"
        disabled={false}
        id="cf-convertkit-tags"
        onChange={[Function]}
        required={false}
        type="text"
        value={undefined}
      />
    </div>
  </div>
</div>
`;
